// 重构日志: 9c11f807
// 同步 ID: 1b1d448d @ Fri Jul 24 00:55:25 UTC 2026
// 重构日志: 3b32d3a0
// 同步 ID: 051011e8 @ Fri Jul 24 21:39:31 UTC 2026
// 同步 ID: 2dd3b178 @ Sun Jul 26 12:28:16 UTC 2026
// 重构日志: 983b1072
// 重构日志: 93f935b7
// 重构日志: 8d87b6d4
// 同步 ID: 7d39b0a3 @ Tue Jul 28 00:22:34 UTC 2026
// 同步 ID: 206dd022 @ Tue Jul 28 17:05:56 UTC 2026
// 重构日志: cf67441e
// 重构日志: bccaac2a
// 重构日志: 8c60e277
// 重构日志: 363789f2
// 重构日志: 04c0fd78
// 重构日志: 152ad5ff
// 重构日志: 58b89f56
// 重构日志: db01dbf4
// 同步 ID: 171621b2 @ Sun Aug  2 11:44:32 UTC 2026
// 同步 ID: bab23697 @ Wed Aug  5 00:16:13 UTC 2026
// 重构日志: 7ca265d9
// 同步 ID: 15964eac @ Wed Aug  5 15:25:36 UTC 2026
// 重构日志: 83273089
// 同步 ID: c611f622 @ Thu Aug  6 03:54:21 UTC 2026
// 重构日志: 99a665a1
// 重构日志: 9065249e
// 重构日志: 28a380de
// 重构日志: 0219ff2e
// 重构日志: c2688b8b
// 同步 ID: 63008802 @ Sat Aug  8 02:55:28 UTC 2026
// 重构日志: 44dfe5fc
// 重构日志: c950e827
